// Vitest Snapshot v1, https://vitest.dev/guide/snapshot.html

exports[`metrics and React finding boundaries > preserves metrics, finding identity and callback ownership for mixed React imports 1`] = `
{
  "findings": [
    {
      "dimension": "performanceAsync",
      "finding": {
        "category": "conditionalHook",
        "confidence": "high",
        "file": "App.tsx",
        "fingerprint": "f24afaf3907aa57393cc0bfd64e168cbfdd814bedd27fd328e78f26427f3258a",
        "line": 4,
        "member": "App",
        "message": "useState is called within a conditional or loop.",
        "observations": {
          "hook": "useState",
        },
        "project": "sample",
        "ruleId": "javascript-typescript/performanceAsync/conditionalHook",
        "severity": "warning",
      },
    },
    {
      "dimension": "performanceAsync",
      "finding": {
        "category": "conditionalHook",
        "confidence": "high",
        "file": "App.tsx",
        "fingerprint": "79b1f9e76f5d7f2ae35c0a4db52b464a0dd69752a21fee65f8d22dea88cf3da0",
        "line": 5,
        "member": "App",
        "message": "useState is called within a conditional or loop.",
        "observations": {
          "hook": "useState",
        },
        "project": "sample",
        "ruleId": "javascript-typescript/performanceAsync/conditionalHook",
        "severity": "warning",
      },
    },
    {
      "dimension": "performanceAsync",
      "finding": {
        "category": "asyncEffectCallback",
        "confidence": "high",
        "file": "App.tsx",
        "fingerprint": "f5c3e54f2f4a10210aea7649b5d2021623051248b5a67c84e1bd7cbda9ca3d44",
        "line": 6,
        "member": "App",
        "message": "An effect callback is async and returns a Promise instead of cleanup or undefined.",
        "observations": {
          "hook": "useEffect",
        },
        "project": "sample",
        "ruleId": "javascript-typescript/performanceAsync/asyncEffectCallback",
        "severity": "warning",
      },
    },
    {
      "dimension": "performanceAsync",
      "finding": {
        "category": "effectWithoutDependencies",
        "confidence": "low",
        "file": "App.tsx",
        "fingerprint": "03de08fcae2455bf9413d13e71720da98f31a1663c79d06c2e0eb67900589dd9",
        "line": 7,
        "member": "App",
        "message": "Effect runs after every render; verify that this is intentional.",
        "observations": {
          "hook": "useLayoutEffect",
        },
        "project": "sample",
        "ruleId": "javascript-typescript/performanceAsync/effectWithoutDependencies",
        "severity": "warning",
      },
    },
    {
      "dimension": "performanceAsync",
      "finding": {
        "category": "conditionalHook",
        "confidence": "high",
        "file": "App.tsx",
        "fingerprint": "10ca1f05157eb8b1bcb28f6b9473aa451cf71daefb274d3f9d62303d0d846f54",
        "line": 8,
        "member": "App/nested",
        "message": "useEffect is called within a conditional or loop.",
        "observations": {
          "hook": "useEffect",
        },
        "project": "sample",
        "ruleId": "javascript-typescript/performanceAsync/conditionalHook",
        "severity": "warning",
      },
    },
  ],
  "metrics": [
    {
      "complexity": 4,
      "coupling": 1,
      "executableLines": 7,
      "file": "App.tsx",
      "halsteadVolume": 302.6636471615072,
      "inheritance": 0,
      "kind": "component",
      "line": 3,
      "maintainabilityIndex": 64,
      "member": "App",
      "project": "sample",
      "sourceLines": 7,
      "type": "App",
    },
    {
      "complexity": 2,
      "coupling": 1,
      "executableLines": 2,
      "file": "App.tsx",
      "halsteadVolume": 39.86313713864835,
      "inheritance": 0,
      "kind": "function",
      "line": 6,
      "maintainabilityIndex": 89,
      "member": "App/effect:callback0",
      "project": "sample",
      "sourceLines": 1,
      "type": "App",
    },
    {
      "complexity": 1,
      "coupling": 1,
      "executableLines": 0,
      "file": "App.tsx",
      "halsteadVolume": 11.60964047443681,
      "inheritance": 0,
      "kind": "function",
      "line": 7,
      "maintainabilityIndex": 92,
      "member": "App/React.useLayoutEffect:callback0",
      "project": "sample",
      "sourceLines": 1,
      "type": "App",
    },
    {
      "complexity": 2,
      "coupling": 1,
      "executableLines": 2,
      "file": "App.tsx",
      "halsteadVolume": 68.53238859703687,
      "inheritance": 0,
      "kind": "function",
      "line": 8,
      "maintainabilityIndex": 87,
      "member": "App/nested",
      "project": "sample",
      "sourceLines": 1,
      "type": "App",
    },
    {
      "complexity": 1,
      "coupling": 1,
      "executableLines": 0,
      "file": "App.tsx",
      "halsteadVolume": 11.60964047443681,
      "inheritance": 0,
      "kind": "function",
      "line": 8,
      "maintainabilityIndex": 92,
      "member": "App/nested/React.useEffect:callback0",
      "project": "sample",
      "sourceLines": 1,
      "type": "App/nested",
    },
    {
      "complexity": 2,
      "coupling": 1,
      "executableLines": 3,
      "file": "App.tsx",
      "halsteadVolume": 110.36149671375915,
      "inheritance": 0,
      "kind": "function",
      "line": 11,
      "maintainabilityIndex": 75,
      "member": "Shadow",
      "project": "sample",
      "sourceLines": 3,
      "type": "Shadow",
    },
    {
      "complexity": 1,
      "coupling": 1,
      "executableLines": 0,
      "file": "App.tsx",
      "halsteadVolume": 15.509775004326936,
      "inheritance": 0,
      "kind": "function",
      "line": 13,
      "maintainabilityIndex": 92,
      "member": "Shadow/effect:callback0",
      "project": "sample",
      "sourceLines": 1,
      "type": "Shadow",
    },
  ],
  "reactSupported": true,
}
`;
